// Jest Snapshot v1, https://goo.gl/fbAQLP

exports[`<App /> should match snapshots 1`] = `
<App>
  <h1>
     React Quiz 
  </h1>
  <Books>
    <p>
      You dont have any books
    </p>
    <AddBook
      onAddBook={[Function]}
    >
      <form
        onSubmit={[Function]}
      >
        <input
          name="title"
          placeholder="Title"
          required={true}
          type="text"
        />
        <input
          name="author"
          placeholder="Author"
          required={true}
          type="text"
        />
        <button
          type="submit"
        >
          Add Book
        </button>
      </form>
    </AddBook>
  </Books>
</App>
`;
